To honour the JVM settings for this build a single-use Daemon process will be forked. For more on this, please refer to https://docs.gradle.org/9.0.0/userguide/gradle_daemon.html#sec:disabling_the_daemon in the Gradle documentation.
Daemon will be stopped at the end of the build 
> Task :compileJava NO-SOURCE
> Task :processResources NO-SOURCE
> Task :classes UP-TO-DATE

> Task :compileTestJava FAILED
.\gradlew.bat : E:\Proyectos\Reto_Siigo\Siigo_Front\Sara3\src\test\java\com\sar
a\automation\tasks\DiligenciarProveedorGestion.java:1: error: illegal 
character: '\ufeff'
En línea: 1 Carácter: 1
+ .\gradlew.bat compileTestJava --no-daemon 2>&1 | Tee-Object -FilePath ...
+ ~~~~~~~~~~~~~~~~~~~~~~~~~~~~~~~~~~~~~~~~~~~~~~
    + CategoryInfo          : NotSpecified: (E:\Proyectos\Re...acter: 
'\ufeff':String) [], RemoteException
    + FullyQualifiedErrorId : NativeCommandError
 
´╗┐package com.sara.automation.tasks;
^
E:\Proyectos\Reto_Siigo\Siigo_Front\Sara3\src\test\java\com\sara\automation\tas
ks\DiligenciarProveedorGestion.java:1: error: class, interface, enum, or 
record expected
´╗┐package com.sara.automation.tasks;
         ^
E:\Proyectos\Reto_Siigo\Siigo_Front\Sara3\src\test\java\com\sara\automation\tas
ks\DiligenciarProveedorGestion.java:3: error: class, interface, enum, or 
record expected
import com.sara.automation.interactions.SwitchToOneScriptIframe;
^
E:\Proyectos\Reto_Siigo\Siigo_Front\Sara3\src\test\java\com\sara\automation\tas
ks\DiligenciarProveedorGestion.java:4: error: class, interface, enum, or 
record expected
import com.sara.automation.interactions.OneScriptDynamicElements;
^
E:\Proyectos\Reto_Siigo\Siigo_Front\Sara3\src\test\java\com\sara\automation\tas
ks\DiligenciarProveedorGestion.java:5: error: class, interface, enum, or 
record expected
import com.sara.automation.ui.CasoCreatePage;
^
E:\Proyectos\Reto_Siigo\Siigo_Front\Sara3\src\test\java\com\sara\automation\tas
ks\DiligenciarProveedorGestion.java:6: error: class, interface, enum, or 
record expected
import net.serenitybdd.screenplay.Actor;
^
E:\Proyectos\Reto_Siigo\Siigo_Front\Sara3\src\test\java\com\sara\automation\tas
ks\DiligenciarProveedorGestion.java:7: error: class, interface, enum, or 
record expected
import net.serenitybdd.screenplay.Performable;
^
E:\Proyectos\Reto_Siigo\Siigo_Front\Sara3\src\test\java\com\sara\automation\tas
ks\DiligenciarProveedorGestion.java:8: error: class, interface, enum, or 
record expected
import net.serenitybdd.screenplay.Task;
^
E:\Proyectos\Reto_Siigo\Siigo_Front\Sara3\src\test\java\com\sara\automation\tas
ks\DiligenciarProveedorGestion.java:9: error: class, interface, enum, or 
record expected
import net.serenitybdd.screenplay.actions.Click;
^
E:\Proyectos\Reto_Siigo\Siigo_Front\Sara3\src\test\java\com\sara\automation\tas
ks\DiligenciarProveedorGestion.java:10: error: class, interface, enum, or 
record expected
import net.serenitybdd.screenplay.actions.Enter;
^
E:\Proyectos\Reto_Siigo\Siigo_Front\Sara3\src\test\java\com\sara\automation\tas
ks\DiligenciarProveedorGestion.java:11: error: class, interface, enum, or 
record expected
import net.serenitybdd.screenplay.actions.Scroll;
^
E:\Proyectos\Reto_Siigo\Siigo_Front\Sara3\src\test\java\com\sara\automation\tas
ks\DiligenciarProveedorGestion.java:12: error: class, interface, enum, or 
record expected
import net.serenitybdd.screenplay.targets.Target;
^
E:\Proyectos\Reto_Siigo\Siigo_Front\Sara3\src\test\java\com\sara\automation\tas
ks\DiligenciarProveedorGestion.java:13: error: class, interface, enum, or 
record expected
import net.serenitybdd.screenplay.waits.WaitUntil;
^
E:\Proyectos\Reto_Siigo\Siigo_Front\Sara3\src\test\java\com\sara\automation\tas
ks\DiligenciarProveedorGestion.java:14: error: class, interface, enum, or 
record expected
import net.thucydides.core.annotations.Step;
^
E:\Proyectos\Reto_Siigo\Siigo_Front\Sara3\src\test\java\com\sara\automation\tas
ks\DiligenciarProveedorGestion.java:15: error: class, interface, enum, or 
record expected
import org.openqa.selenium.By;
^
E:\Proyectos\Reto_Siigo\Siigo_Front\Sara3\src\test\java\com\sara\automation\tas
ks\DiligenciarProveedorGestion.java:16: error: class, interface, enum, or 
record expected
import org.openqa.selenium.JavascriptExecutor;
^
E:\Proyectos\Reto_Siigo\Siigo_Front\Sara3\src\test\java\com\sara\automation\tas
ks\DiligenciarProveedorGestion.java:17: error: class, interface, enum, or 
record expected
import org.openqa.selenium.Keys;
^
E:\Proyectos\Reto_Siigo\Siigo_Front\Sara3\src\test\java\com\sara\automation\tas
ks\DiligenciarProveedorGestion.java:18: error: class, interface, enum, or 
record expected
import org.openqa.selenium.NoSuchElementException;
^
E:\Proyectos\Reto_Siigo\Siigo_Front\Sara3\src\test\java\com\sara\automation\tas
ks\DiligenciarProveedorGestion.java:19: error: class, interface, enum, or 
record expected
import org.openqa.selenium.TimeoutException;
^
E:\Proyectos\Reto_Siigo\Siigo_Front\Sara3\src\test\java\com\sara\automation\tas
ks\DiligenciarProveedorGestion.java:20: error: class, interface, enum, or 
record expected
import org.openqa.selenium.WebDriver;
^
E:\Proyectos\Reto_Siigo\Siigo_Front\Sara3\src\test\java\com\sara\automation\tas
ks\DiligenciarProveedorGestion.java:21: error: class, interface, enum, or 
record expected
import org.openqa.selenium.WebElement;
^
E:\Proyectos\Reto_Siigo\Siigo_Front\Sara3\src\test\java\com\sara\automation\tas
ks\DiligenciarProveedorGestion.java:22: error: class, interface, enum, or 
record expected
import org.openqa.selenium.support.ui.ExpectedConditions;
^
E:\Proyectos\Reto_Siigo\Siigo_Front\Sara3\src\test\java\com\sara\automation\tas
ks\DiligenciarProveedorGestion.java:23: error: class, interface, enum, or 
record expected
import org.openqa.selenium.support.ui.WebDriverWait;
^
E:\Proyectos\Reto_Siigo\Siigo_Front\Sara3\src\test\java\com\sara\automation\tas
ks\DiligenciarProveedorGestion.java:25: error: class, interface, enum, or 
record expected
import java.time.Duration;
^
E:\Proyectos\Reto_Siigo\Siigo_Front\Sara3\src\test\java\com\sara\automation\tas
ks\DiligenciarProveedorGestion.java:26: error: class, interface, enum, or 
record expected
import java.util.List;
^
E:\Proyectos\Reto_Siigo\Siigo_Front\Sara3\src\test\java\com\sara\automation\tas
ks\DiligenciarProveedorGestion.java:28: error: class, interface, enum, or 
record expected
import static net.serenitybdd.screenplay.Tasks.instrumented;
^
E:\Proyectos\Reto_Siigo\Siigo_Front\Sara3\src\test\java\com\sara\automation\tas
ks\DiligenciarProveedorGestion.java:29: error: class, interface, enum, or 
record expected
import static 
net.serenitybdd.screenplay.matchers.WebElementStateMatchers.isVisible;
^
27 errors

[Incubating] Problems report is available at: file:///E:/Proyectos/Reto_Siigo/Siigo_Front/Sara3/build/reports/problems/problems-report.html

FAILURE: Build failed with an exception.

* What went wrong:
Execution failed for task ':compileTestJava'.
> Compilation failed; see the compiler output below.
  E:\Proyectos\Reto_Siigo\Siigo_Front\Sara3\src\test\java\com\sara\automation\t
asks\DiligenciarProveedorGestion.java:1: error: class, interface, enum, or 
record expected
  ´╗┐package com.sara.automation.tasks;
           ^
  E:\Proyectos\Reto_Siigo\Siigo_Front\Sara3\src\test\java\com\sara\automation\t
asks\DiligenciarProveedorGestion.java:3: error: class, interface, enum, or 
record expected
  import com.sara.automation.interactions.SwitchToOneScriptIframe;
  ^
  E:\Proyectos\Reto_Siigo\Siigo_Front\Sara3\src\test\java\com\sara\automation\t
asks\DiligenciarProveedorGestion.java:4: error: class, interface, enum, or 
record expected
  import com.sara.automation.interactions.OneScriptDynamicElements;
  ^
  E:\Proyectos\Reto_Siigo\Siigo_Front\Sara3\src\test\java\com\sara\automation\t
asks\DiligenciarProveedorGestion.java:5: error: class, interface, enum, or 
record expected
  import com.sara.automation.ui.CasoCreatePage;
  ^
  E:\Proyectos\Reto_Siigo\Siigo_Front\Sara3\src\test\java\com\sara\automation\t
asks\DiligenciarProveedorGestion.java:6: error: class, interface, enum, or 
record expected
  import net.serenitybdd.screenplay.Actor;
  ^
  E:\Proyectos\Reto_Siigo\Siigo_Front\Sara3\src\test\java\com\sara\automation\t
asks\DiligenciarProveedorGestion.java:7: error: class, interface, enum, or 
record expected
  import net.serenitybdd.screenplay.Performable;
  ^
  E:\Proyectos\Reto_Siigo\Siigo_Front\Sara3\src\test\java\com\sara\automation\t
asks\DiligenciarProveedorGestion.java:8: error: class, interface, enum, or 
record expected
  import net.serenitybdd.screenplay.Task;
  ^
  E:\Proyectos\Reto_Siigo\Siigo_Front\Sara3\src\test\java\com\sara\automation\t
asks\DiligenciarProveedorGestion.java:9: error: class, interface, enum, or 
record expected
  import net.serenitybdd.screenplay.actions.Click;
  ^
  E:\Proyectos\Reto_Siigo\Siigo_Front\Sara3\src\test\java\com\sara\automation\t
asks\DiligenciarProveedorGestion.java:10: error: class, interface, enum, or 
record expected
  import net.serenitybdd.screenplay.actions.Enter;
  ^
  E:\Proyectos\Reto_Siigo\Siigo_Front\Sara3\src\test\java\com\sara\automation\t
asks\DiligenciarProveedorGestion.java:11: error: class, interface, enum, or 
record expected
  import net.serenitybdd.screenplay.actions.Scroll;
  ^
  E:\Proyectos\Reto_Siigo\Siigo_Front\Sara3\src\test\java\com\sara\automation\t
asks\DiligenciarProveedorGestion.java:12: error: class, interface, enum, or 
record expected
  import net.serenitybdd.screenplay.targets.Target;
  ^
  E:\Proyectos\Reto_Siigo\Siigo_Front\Sara3\src\test\java\com\sara\automation\t
asks\DiligenciarProveedorGestion.java:13: error: class, interface, enum, or 
record expected
  import net.serenitybdd.screenplay.waits.WaitUntil;
  ^
  E:\Proyectos\Reto_Siigo\Siigo_Front\Sara3\src\test\java\com\sara\automation\t
asks\DiligenciarProveedorGestion.java:14: error: class, interface, enum, or 
record expected
  import net.thucydides.core.annotations.Step;
  ^
  E:\Proyectos\Reto_Siigo\Siigo_Front\Sara3\src\test\java\com\sara\automation\t
asks\DiligenciarProveedorGestion.java:15: error: class, interface, enum, or 
record expected

Deprecated Gradle features were used in this build, making it incompatible with Gradle 10.

  import org.openqa.selenium.By;
  ^
  E:\Proyectos\Reto_Siigo\Siigo_Front\Sara3\src\test\java\com\sara\automation\t
asks\DiligenciarProveedorGestion.java:16: error: class, interface, enum, or 
record expected
You can use '--warning-mode all' to show the individual deprecation warnings and determine if they come from your own scripts or plugins.

For more on this, please refer to https://docs.gradle.org/9.0.0/userguide/command_line_interface.html#sec:command_line_warnings in the Gradle documentation.
  import org.openqa.selenium.JavascriptExecutor;
  ^
  E:\Proyectos\Reto_Siigo\Siigo_Front\Sara3\src\test\java\com\sara\automation\t
asks\DiligenciarProveedorGestion.java:17: error: class, interface, enum, or 
record expected
  import org.openqa.selenium.Keys;
  ^
1 actionable task: 1 executed
  E:\Proyectos\Reto_Siigo\Siigo_Front\Sara3\src\test\java\com\sara\automation\t
asks\DiligenciarProveedorGestion.java:18: error: class, interface, enum, or 
record expected
  import org.openqa.selenium.NoSuchElementException;
  ^
  E:\Proyectos\Reto_Siigo\Siigo_Front\Sara3\src\test\java\com\sara\automation\t
asks\DiligenciarProveedorGestion.java:19: error: class, interface, enum, or 
record expected
  import org.openqa.selenium.TimeoutException;
  ^
  E:\Proyectos\Reto_Siigo\Siigo_Front\Sara3\src\test\java\com\sara\automation\t
asks\DiligenciarProveedorGestion.java:20: error: class, interface, enum, or 
record expected
  import org.openqa.selenium.WebDriver;
  ^
  E:\Proyectos\Reto_Siigo\Siigo_Front\Sara3\src\test\java\com\sara\automation\t
asks\DiligenciarProveedorGestion.java:21: error: class, interface, enum, or 
record expected
  import org.openqa.selenium.WebElement;
  ^
  E:\Proyectos\Reto_Siigo\Siigo_Front\Sara3\src\test\java\com\sara\automation\t
asks\DiligenciarProveedorGestion.java:22: error: class, interface, enum, or 
record expected
  import org.openqa.selenium.support.ui.ExpectedConditions;
  ^
  E:\Proyectos\Reto_Siigo\Siigo_Front\Sara3\src\test\java\com\sara\automation\t
asks\DiligenciarProveedorGestion.java:23: error: class, interface, enum, or 
record expected
  import org.openqa.selenium.support.ui.WebDriverWait;
  ^
  E:\Proyectos\Reto_Siigo\Siigo_Front\Sara3\src\test\java\com\sara\automation\t
asks\DiligenciarProveedorGestion.java:25: error: class, interface, enum, or 
record expected
  import java.time.Duration;
  ^
  E:\Proyectos\Reto_Siigo\Siigo_Front\Sara3\src\test\java\com\sara\automation\t
asks\DiligenciarProveedorGestion.java:26: error: class, interface, enum, or 
record expected
  import java.util.List;
  ^
  E:\Proyectos\Reto_Siigo\Siigo_Front\Sara3\src\test\java\com\sara\automation\t
asks\DiligenciarProveedorGestion.java:28: error: class, interface, enum, or 
record expected
  import static net.serenitybdd.screenplay.Tasks.instrumented;
  ^
  E:\Proyectos\Reto_Siigo\Siigo_Front\Sara3\src\test\java\com\sara\automation\t
asks\DiligenciarProveedorGestion.java:29: error: class, interface, enum, or 
record expected
  import static 
net.serenitybdd.screenplay.matchers.WebElementStateMatchers.isVisible;
  ^
  E:\Proyectos\Reto_Siigo\Siigo_Front\Sara3\src\test\java\com\sara\automation\t
asks\DiligenciarProveedorGestion.java:1: error: illegal character: '\ufeff'
  ´╗┐package com.sara.automation.tasks;
  ^
  27 errors

* Try:
> Check your code and dependencies to fix the compilation error(s)
> Run with --scan to generate a Build Scan (Powered by Develocity).

BUILD FAILED in 11s
