Output of terminal 30cd26c6-c2e8-4ff6-943a-96d529196b78:
PS E:\Proyectos\Reto_Siigo\Siigo_Front\Sara3> .\gradlew.bat compileTestJava 2>&1 | Select-String "BUILD SUCC|BUILD FAIL"

BUILD SUCCESSFUL in 3s


PS E:\Proyectos\Reto_Siigo\Siigo_Front\Sara3> .\gradlew.bat test 2>&1

> Task :test
=========================================
CONFIGURACION EJECUCION PARALELA
=========================================
Max Parallel Forks (navegadores): 2
Available Processors: 8
Heap Size por Fork: 2048m
Para cambiar: edita gradle.properties
=========================================

CasesRunner01 STANDARD_ERROR
    [Test worker] INFO io.cucumber.core.plugin.SerenityReporter - Running feature from file:///E:/Proyectos/Reto_Siigo/Siigo_Front/Sara3/src/test/resources/features/cases/open_cases.feature

CasesRunner STANDARD_ERROR
    [Test worker] INFO io.cucumber.core.plugin.SerenityReporter - Running feature from file:///E:/Proyectos/Reto_Siigo/Siigo_Front/Sara3/src/test/resources/features/cases/open_cases.feature

CasesRunner01 STANDARD_ERROR
    [Test worker] INFO net.thucydides.core.steps.StepEventBus - Loading JUnit Platform configuration parameters from classpath resource [junit-platform.properties].

CasesRunner STANDARD_ERROR
    [Test worker] INFO net.thucydides.core.steps.StepEventBus - Loading JUnit Platform configuration parameters from classpath resource [junit-platform.properties].
    [Test worker] INFO  - 

    -------------------------------------------------------------------------------------
         _______. _______ .______       _______ .__   __.  __  .___________.____    ____ 
        /       ||   ____||   _  \     |   ____||  \ |  | |  | |           |\   \  /   / 
       |   (----`|  |__   |  |_)  |    |  |__   |   \|  | |  | `---|  |----` \   \/   /  
        \   \    |   __|  |      /     |   __|  |  . `  | |  |     |  |       \_    _/   
    .----)   |   |  |____ |  |\  \----.|  |____ |  |\   | |  |     |  |         |  |     
    |_______/    |_______|| _| `._____||_______||__| \__| |__|     |__|         |__|    
                                                                                     
     News and tutorials at http://www.serenity-bdd.info                                  
     Documentation at https://wakaleo.gitbooks.io/the-serenity-book/content/             
     Join the Serenity Community on Gitter: https://gitter.im/serenity-bdd/serenity-core 
     Serenity BDD Support and Training at http://serenity-bdd.info/#/trainingandsupport  
    -------------------------------------------------------------------------------------


CasesRunner01 STANDARD_ERROR
    [Test worker] INFO  - 

    -------------------------------------------------------------------------------------
         _______. _______ .______       _______ .__   __.  __  .___________.____    ____ 
        /       ||   ____||   _  \     |   ____||  \ |  | |  | |           |\   \  /   / 
       |   (----`|  |__   |  |_)  |    |  |__   |   \|  | |  | `---|  |----` \   \/   /  
        \   \    |   __|  |      /     |   __|  |  . `  | |  |     |  |       \_    _/   
    .----)   |   |  |____ |  |\  \----.|  |____ |  |\   | |  |     |  |         |  |     
    |_______/    |_______|| _| `._____||_______||__| \__| |__|     |__|         |__|    
                                                                                     
     News and tutorials at http://www.serenity-bdd.info                                  
     Documentation at https://wakaleo.gitbooks.io/the-serenity-book/content/             
     Join the Serenity Community on Gitter: https://gitter.im/serenity-bdd/serenity-core 
     Serenity BDD Support and Training at http://serenity-bdd.info/#/trainingandsupport  
    -------------------------------------------------------------------------------------


CasesRunner STANDARD_ERROR
    [Test worker] INFO  - Test Suite Started: Apertura de la pagina de casos

CasesRunner01 STANDARD_ERROR
    [Test worker] INFO  - Test Suite Started: Apertura de la pagina de casos

CasesRunner STANDARD_ERROR
    [Test worker] INFO io.cucumber.core.plugin.SerenityReporter - Running feature from file:///E:/Proyectos/Reto_Siigo/Siigo_Front/Sara3/src/test/resources/features/cases/open_cases.feature
    [Test worker] INFO  - Test Suite Started: Apertura de la pagina de casos

CasesRunner01 STANDARD_ERROR
    [Test worker] INFO io.cucumber.core.plugin.SerenityReporter - Running feature from file:///E:/Proyectos/Reto_Siigo/Siigo_Front/Sara3/src/test/resources/features/cases/open_cases.feature
    [Test worker] INFO  - Test Suite Started: Apertura de la pagina de casos

CasesRunner > Apertura de la pagina de casos.Test Usuario 01 STANDARD_ERROR
    [Test worker] INFO io.cucumber.core.plugin.SerenityReporter - Running feature from file:///E:/Proyectos/Reto_Siigo/Siigo_Front/Sara3/src/test/resources/features/cases/open_cases.feature

CasesRunner01 > Apertura de la pagina de casos.Test Usuario 01 STANDARD_ERROR
    [Test worker] INFO io.cucumber.core.plugin.SerenityReporter - Running feature from file:///E:/Proyectos/Reto_Siigo/Siigo_Front/Sara3/src/test/resources/features/cases/open_cases.feature

CasesRunner > Apertura de la pagina de casos.Test Usuario 01 STANDARD_ERROR
    [Test worker] INFO  - 
      _____   ___   ___   _____     ___   _____     _     ___   _____   ___   ___  
     |_   _| | __| / __| |_   _|   / __| |_   _|   /_\   | _ \ |_   _| | __| |   \ 
       | |   | _|  \__ \   | |     \__ \   | |    / _ \  |   /   | |   | _|  | |) |
       |_|   |___| |___/   |_|     |___/   |_|   /_/ \_\ |_|_\   |_|   |___| |___/ 

    Test Usuario 01(apertura-de-la-pagina-de-casos;test-usuario-01)
    --------------------------------------------------------------------------------

CasesRunner01 > Apertura de la pagina de casos.Test Usuario 01 STANDARD_ERROR
    [Test worker] INFO  - 
      _____   ___   ___   _____     ___   _____     _     ___   _____   ___   ___  
     |_   _| | __| / __| |_   _|   / __| |_   _|   /_\   | _ \ |_   _| | __| |   \ 
       | |   | _|  \__ \   | |     \__ \   | |    / _ \  |   /   | |   | _|  | |) |
       |_|   |___| |___/   |_|     |___/   |_|   /_/ \_\ |_|_\   |_|   |___| |___/ 

    Test Usuario 01(apertura-de-la-pagina-de-casos;test-usuario-01)
    --------------------------------------------------------------------------------

CasesRunner01 > Apertura de la pagina de casos.Test Usuario 01 STANDARD_OUT
    |-- Given el actor tiene un navegador disponible

CasesRunner > Apertura de la pagina de casos.Test Usuario 01 STANDARD_OUT
    |-- Given el actor tiene un navegador disponible

CasesRunner01 > Apertura de la pagina de casos.Test Usuario 01 STANDARD_OUT
    |-- When abre la pagina de casos

CasesRunner > Apertura de la pagina de casos.Test Usuario 01 STANDARD_OUT
    |-- When abre la pagina de casos
    |---- Abre la pagina de casos

CasesRunner01 > Apertura de la pagina de casos.Test Usuario 01 STANDARD_OUT
    |---- Abre la pagina de casos

CasesRunner > Apertura de la pagina de casos.Test Usuario 01 STANDARD_OUT
    |------ Sara opens the browser at https://us-east-1s66ymlwwk.auth.us-east-1.amazoncognito.com/login?client_id=2hfo5293cfbh1h9fbe9m7g07dn&response_type=code&scope=email+openid+profile&redirect_uri=https%3A%2F%2Fasistenciaapp.kit.sura-konecta.com%2Fauth

CasesRunner01 > Apertura de la pagina de casos.Test Usuario 01 STANDARD_OUT
    |------ Sara opens the browser at https://us-east-1s66ymlwwk.auth.us-east-1.amazoncognito.com/login?client_id=2hfo5293cfbh1h9fbe9m7g07dn&response_type=code&scope=email+openid+profile&redirect_uri=https%3A%2F%2Fasistenciaapp.kit.sura-konecta.com%2Fauth

CasesRunner > Apertura de la pagina de casos.Test Usuario 01 STANDARD_ERROR
    [Test worker] INFO net.serenitybdd.core.webdriver.driverproviders.DriverProvider - Using WebDriverManager configuration for chrome

CasesRunner01 > Apertura de la pagina de casos.Test Usuario 01 STANDARD_ERROR
    [Test worker] INFO net.serenitybdd.core.webdriver.driverproviders.DriverProvider - Using WebDriverManager configuration for chrome

CasesRunner > Apertura de la pagina de casos.Test Usuario 01 STANDARD_ERROR
    [Test worker] INFO io.github.bonigarcia.wdm.WebDriverManager - Using chromedriver 147.0.7727.117 (resolved driver for Chrome 147)

CasesRunner01 > Apertura de la pagina de casos.Test Usuario 01 STANDARD_ERROR
    [Test worker] INFO io.github.bonigarcia.wdm.WebDriverManager - Using chromedriver 147.0.7727.117 (resolved driver for Chrome 147)

CasesRunner > Apertura de la pagina de casos.Test Usuario 01 STANDARD_ERROR
    [Test worker] INFO io.github.bonigarcia.wdm.WebDriverManager - Exporting webdriver.chrome.driver as C:\Users\Sergio\.cache\selenium\chromedriver\win64\147.0.7727.117\chromedriver.exe

CasesRunner01 > Apertura de la pagina de casos.Test Usuario 01 STANDARD_ERROR
    [Test worker] INFO io.github.bonigarcia.wdm.WebDriverManager - Exporting webdriver.chrome.driver as C:\Users\Sergio\.cache\selenium\chromedriver\win64\147.0.7727.117\chromedriver.exe
    [Test worker] INFO net.serenitybdd.core.webdriver.driverproviders.ChromeDriverProvider - Starting Chrome driver instance with capabilities:
    [Test worker] INFO net.serenitybdd.core.webdriver.driverproviders.ChromeDriverProvider - Capabilities {acceptInsecureCerts: false, browserName: chrome, goog:chromeOptions: {args: [--start-maximized, --remote-allow-origins=*], extensions: []}}

CasesRunner > Apertura de la pagina de casos.Test Usuario 01 STANDARD_ERROR
    [Test worker] INFO net.serenitybdd.core.webdriver.driverproviders.ChromeDriverProvider - Starting Chrome driver instance with capabilities:
    [Test worker] INFO net.serenitybdd.core.webdriver.driverproviders.ChromeDriverProvider - Capabilities {acceptInsecureCerts: false, browserName: chrome, goog:chromeOptions: {args: [--start-maximized, --remote-allow-origins=*], extensions: []}}
    Starting ChromeDriver 147.0.7727.117 (474cc805edd6b22006509896c910f6b6da2427ad-refs/branch-heads/7727_111@{#4}) on port 12157
    Only local connections are allowed.
    Please see https://chromedriver.chromium.org/security-considerations for suggestions on keeping ChromeDriver safe.

CasesRunner01 > Apertura de la pagina de casos.Test Usuario 01 STANDARD_ERROR
    Starting ChromeDriver 147.0.7727.117 (474cc805edd6b22006509896c910f6b6da2427ad-refs/branch-heads/7727_111@{#4}) on port 13443
    Only local connections are allowed.
    Please see https://chromedriver.chromium.org/security-considerations for suggestions on keeping ChromeDriver safe.

CasesRunner > Apertura de la pagina de casos.Test Usuario 01 STANDARD_ERROR
    ChromeDriver was started successfully on port 12157.

CasesRunner01 > Apertura de la pagina de casos.Test Usuario 01 STANDARD_ERROR
    ChromeDriver was started successfully on port 13443.
    may 07, 2026 4:42:28 P.┬áM. org.openqa.selenium.devtools.CdpVersionFinder findNearestMatch
    ADVERTENCIA: Unable to find CDP implementation matching 147
    may 07, 2026 4:42:29 P.┬áM. org.openqa.selenium.chromium.ChromiumDriver lambda$new$3
    ADVERTENCIA: Unable to find version of CDP to use for . You may need to include a dependency on a specific version of the CDP using something similar to `org.seleniumhq.selenium:selenium-devtools-v86:4.6.0` where the version ("v86") matches the version of the chromium-based browser you're using and the version number of the artifact is the same as Selenium's.

CasesRunner > Apertura de la pagina de casos.Test Usuario 01 STANDARD_ERROR
    may 07, 2026 4:42:29 P.┬áM. org.openqa.selenium.devtools.CdpVersionFinder findNearestMatch
    ADVERTENCIA: Unable to find CDP implementation matching 147
    may 07, 2026 4:42:29 P.┬áM. org.openqa.selenium.chromium.ChromiumDriver lambda$new$3
    ADVERTENCIA: Unable to find version of CDP to use for . You may need to include a dependency on a specific version of the CDP using something similar to `org.seleniumhq.selenium:selenium-devtools-v86:4.6.0` where the version ("v86") matches the version of the chromium-based browser you're using and the version number of the artifact is the same as Selenium's.

CasesRunner01 > Apertura de la pagina de casos.Test Usuario 01 STANDARD_ERROR
    ERROR StatusLogger Log4j2 could not find a logging implementation. Please add log4j-core to the classpath. Using SimpleLogger to log to the console...

CasesRunner > Apertura de la pagina de casos.Test Usuario 01 STANDARD_ERROR
    ERROR StatusLogger Log4j2 could not find a logging implementation. Please add log4j-core to the classpath. Using SimpleLogger to log to the console...

CasesRunner > Apertura de la pagina de casos.Test Usuario 01 STANDARD_OUT
    |-- And realiza login con credenciales
    [CredentialsReader] === DEBUG: Buscando runner number ===
    [CredentialsReader] Thread Name: Test worker
    [CredentialsReader] Stack trace (64 elementos):
    [CredentialsReader]   0: java.lang.Thread.getStackTrace()
    [CredentialsReader]   1: com.sara.automation.utils.CredentialsReader.detectRunnerNumber()
    [CredentialsReader]   2: com.sara.automation.utils.CredentialsReader.getUsuario()
    [CredentialsReader]   3: com.sara.automation.stepdefinitions.CasesStepDefinitions.realizaLoginConCredenciales()
    [CredentialsReader]   4: jdk.internal.reflect.DirectMethodHandleAccessor.invoke()
    [CredentialsReader]   5: java.lang.reflect.Method.invoke()
    [CredentialsReader]   6: io.cucumber.java.Invoker.doInvoke()
    [CredentialsReader]   7: io.cucumber.java.Invoker.invoke()
    [CredentialsReader]   8: io.cucumber.java.AbstractGlueDefinition.invokeMethod()
    [CredentialsReader]   9: io.cucumber.java.JavaStepDefinition.execute()
    [CredentialsReader]   10: io.cucumber.core.runner.CoreStepDefinition.execute()
    [CredentialsReader]   11: io.cucumber.core.runner.PickleStepDefinitionMatch.runStep()
    [CredentialsReader]   12: io.cucumber.core.runner.ExecutionMode$1.execute()
    [CredentialsReader]   13: io.cucumber.core.runner.TestStep.executeStep()
    [CredentialsReader]   14: io.cucumber.core.runner.TestStep.run()
    [CredentialsReader] ÔÜá CasesRunner NO encontrado en stack trace
    [CredentialsReader] ÔÜá NO DETECTADO - Usando round-robin (Thread: Test worker)
    [UserPoolManager] =====================================
    [UserPoolManager] Ô£ô INICIALIZACION: Cargados 50 usuarios
    [UserPoolManager] Pool: pruebas1 ÔåÆ pruebas50
    [UserPoolManager] Estrategia: CasesRunnerNN ÔåÆ pruebasN (1:1)
    [UserPoolManager] Parallelism: Cada runner obtiene usuario DIFERENTE
    [UserPoolManager] =====================================
    [UserPoolManager] Thread ID=1 (Name=Test worker) asignado a usuario: pruebas1 [├ìndice: 0 de 50]
    [CredentialsReader] ÔåÆ USUARIO (round-robin): pruebas1
    [CredentialsReader] === DEBUG: Buscando runner number ===
    [CredentialsReader] Thread Name: Test worker
    [CredentialsReader] Stack trace (64 elementos):
    [CredentialsReader]   0: java.lang.Thread.getStackTrace()
    [CredentialsReader]   1: com.sara.automation.utils.CredentialsReader.detectRunnerNumber()
    [CredentialsReader]   2: com.sara.automation.utils.CredentialsReader.getContrasena()
    [CredentialsReader]   3: com.sara.automation.stepdefinitions.CasesStepDefinitions.realizaLoginConCredenciales()
    [CredentialsReader]   4: jdk.internal.reflect.DirectMethodHandleAccessor.invoke()
    [CredentialsReader]   5: java.lang.reflect.Method.invoke()
    [CredentialsReader]   6: io.cucumber.java.Invoker.doInvoke()
    [CredentialsReader]   7: io.cucumber.java.Invoker.invoke()
    [CredentialsReader]   8: io.cucumber.java.AbstractGlueDefinition.invokeMethod()
    [CredentialsReader]   9: io.cucumber.java.JavaStepDefinition.execute()
    [CredentialsReader]   10: io.cucumber.core.runner.CoreStepDefinition.execute()
    [CredentialsReader]   11: io.cucumber.core.runner.PickleStepDefinitionMatch.runStep()
    [CredentialsReader]   12: io.cucumber.core.runner.ExecutionMode$1.execute()
    [CredentialsReader]   13: io.cucumber.core.runner.TestStep.executeStep()
    [CredentialsReader]   14: io.cucumber.core.runner.TestStep.run()
    [CredentialsReader] ÔÜá CasesRunner NO encontrado en stack trace
    [CredentialsReader] ÔÜá NO DETECTADO - Usando round-robin (Thread: Test worker)
    [CredentialsReader] ÔåÆ CONTRASE├æA (round-robin) para: pruebas1

CasesRunner01 > Apertura de la pagina de casos.Test Usuario 01 STANDARD_OUT
    |-- And realiza login con credenciales
    [CredentialsReader] === DEBUG: Buscando runner number ===
    [CredentialsReader] Thread Name: Test worker
    [CredentialsReader] Stack trace (64 elementos):
    [CredentialsReader]   0: java.lang.Thread.getStackTrace()
    [CredentialsReader]   1: com.sara.automation.utils.CredentialsReader.detectRunnerNumber()
    [CredentialsReader]   2: com.sara.automation.utils.CredentialsReader.getUsuario()
    [CredentialsReader]   3: com.sara.automation.stepdefinitions.CasesStepDefinitions.realizaLoginConCredenciales()
    [CredentialsReader]   4: jdk.internal.reflect.DirectMethodHandleAccessor.invoke()
    [CredentialsReader]   5: java.lang.reflect.Method.invoke()
    [CredentialsReader]   6: io.cucumber.java.Invoker.doInvoke()
    [CredentialsReader]   7: io.cucumber.java.Invoker.invoke()
    [CredentialsReader]   8: io.cucumber.java.AbstractGlueDefinition.invokeMethod()
    [CredentialsReader]   9: io.cucumber.java.JavaStepDefinition.execute()
    [CredentialsReader]   10: io.cucumber.core.runner.CoreStepDefinition.execute()
    [CredentialsReader]   11: io.cucumber.core.runner.PickleStepDefinitionMatch.runStep()
    [CredentialsReader]   12: io.cucumber.core.runner.ExecutionMode$1.execute()
    [CredentialsReader]   13: io.cucumber.core.runner.TestStep.executeStep()
    [CredentialsReader]   14: io.cucumber.core.runner.TestStep.run()
    [CredentialsReader] ÔÜá CasesRunner NO encontrado en stack trace

CasesRunner > Apertura de la pagina de casos.Test Usuario 01 STANDARD_OUT
    |---- Login con Cognito usando credenciales

CasesRunner01 > Apertura de la pagina de casos.Test Usuario 01 STANDARD_OUT
    [CredentialsReader] ÔÜá NO DETECTADO - Usando round-robin (Thread: Test worker)
    [UserPoolManager] =====================================
    [UserPoolManager] Ô£ô INICIALIZACION: Cargados 50 usuarios
    [UserPoolManager] Pool: pruebas1 ÔåÆ pruebas50
    [UserPoolManager] Estrategia: CasesRunnerNN ÔåÆ pruebasN (1:1)
    [UserPoolManager] Parallelism: Cada runner obtiene usuario DIFERENTE
    [UserPoolManager] =====================================

CasesRunner > Apertura de la pagina de casos.Test Usuario 01 STANDARD_OUT
    |------ Sara opens the browser at https://us-east-1s66ymlwwk.auth.us-east-1.amazoncognito.com/login?client_id=2hfo5293cfbh1h9fbe9m7g07dn&response_type=code&scope=email+openid+profile&redirect_uri=https%3A%2F%2Fasistenciaapp.kit.sura-konecta.com%2Fauth

CasesRunner01 > Apertura de la pagina de casos.Test Usuario 01 STANDARD_OUT
    [UserPoolManager] Thread ID=1 (Name=Test worker) asignado a usuario: pruebas1 [├ìndice: 0 de 50]
    [CredentialsReader] ÔåÆ USUARIO (round-robin): pruebas1
    [CredentialsReader] === DEBUG: Buscando runner number ===
    [CredentialsReader] Thread Name: Test worker
    [CredentialsReader] Stack trace (64 elementos):
    [CredentialsReader]   0: java.lang.Thread.getStackTrace()
    [CredentialsReader]   1: com.sara.automation.utils.CredentialsReader.detectRunnerNumber()
    [CredentialsReader]   2: com.sara.automation.utils.CredentialsReader.getContrasena()
    [CredentialsReader]   3: com.sara.automation.stepdefinitions.CasesStepDefinitions.realizaLoginConCredenciales()
    [CredentialsReader]   4: jdk.internal.reflect.DirectMethodHandleAccessor.invoke()
    [CredentialsReader]   5: java.lang.reflect.Method.invoke()
    [CredentialsReader]   6: io.cucumber.java.Invoker.doInvoke()
    [CredentialsReader]   7: io.cucumber.java.Invoker.invoke()
    [CredentialsReader]   8: io.cucumber.java.AbstractGlueDefinition.invokeMethod()
    [CredentialsReader]   9: io.cucumber.java.JavaStepDefinition.execute()
    [CredentialsReader]   10: io.cucumber.core.runner.CoreStepDefinition.execute()
    [CredentialsReader]   11: io.cucumber.core.runner.PickleStepDefinitionMatch.runStep()
    [CredentialsReader]   12: io.cucumber.core.runner.ExecutionMode$1.execute()
    [CredentialsReader]   13: io.cucumber.core.runner.TestStep.executeStep()
    [CredentialsReader]   14: io.cucumber.core.runner.TestStep.run()
    [CredentialsReader] ÔÜá CasesRunner NO encontrado en stack trace
    [CredentialsReader] ÔÜá NO DETECTADO - Usando round-robin (Thread: Test worker)
    [CredentialsReader] ÔåÆ CONTRASE├æA (round-robin) para: pruebas1
    |---- Login con Cognito usando credenciales
    |------ Sara opens the browser at https://us-east-1s66ymlwwk.auth.us-east-1.amazoncognito.com/login?client_id=2hfo5293cfbh1h9fbe9m7g07dn&response_type=code&scope=email+openid+profile&redirect_uri=https%3A%2F%2Fasistenciaapp.kit.sura-konecta.com%2Fauth
    |------ Sara enters 'pruebas1' into cognito username field

CasesRunner > Apertura de la pagina de casos.Test Usuario 01 STANDARD_OUT
    |------ Sara enters 'pruebas1' into cognito username field

CasesRunner01 > Apertura de la pagina de casos.Test Usuario 01 STANDARD_OUT
    |------ Sara clicks on cognito next button

CasesRunner > Apertura de la pagina de casos.Test Usuario 01 STANDARD_OUT
    |------ Sara clicks on cognito next button

CasesRunner01 > Apertura de la pagina de casos.Test Usuario 01 STANDARD_OUT
    |------ Sara enters 'K7m@2xQ9n#' into cognito password field

CasesRunner > Apertura de la pagina de casos.Test Usuario 01 STANDARD_OUT
    |------ Sara enters 'K7m@2xQ9n#' into cognito password field

CasesRunner01 > Apertura de la pagina de casos.Test Usuario 01 STANDARD_OUT
    |------ Sara clicks on cognito continue button

CasesRunner > Apertura de la pagina de casos.Test Usuario 01 STANDARD_OUT
    |------ Sara clicks on cognito continue button
    |------ Sara opens the browser at https://asistenciaapp.kit.sura-konecta.com/agent

CasesRunner01 > Apertura de la pagina de casos.Test Usuario 01 STANDARD_OUT
    |------ Sara opens the browser at https://asistenciaapp.kit.sura-konecta.com/agent

CasesRunner > Apertura de la pagina de casos.Test Usuario 01 STANDARD_OUT
    |-- And navega a agent
    |---- Navega a la pagina de agent
    |------ Sara opens the browser at https://asistenciaapp.kit.sura-konecta.com/agent

CasesRunner01 > Apertura de la pagina de casos.Test Usuario 01 STANDARD_OUT
    |-- And navega a agent
    |---- Navega a la pagina de agent
    |------ Sara opens the browser at https://asistenciaapp.kit.sura-konecta.com/agent

CasesRunner > Apertura de la pagina de casos.Test Usuario 01 STANDARD_OUT
    |-- And diligencia caso express completo desde feature
    | departamento_solicita | municipio_solicita | servicios_especiales | gestor_coordinacion | linea | servicio |
    | ANTIOQUIA | MEDELLIN | NO | NO | AUTOS | PASO DE GASOLINA |
    |---- Abrir Caso Express, seleccionar asistencia, entrar al iframe, habilitar y diligenciar en orden
    |------ Sara clicks on Boton Caso Express

CasesRunner01 > Apertura de la pagina de casos.Test Usuario 01 STANDARD_OUT
    |-- And diligencia caso express completo desde feature
    | departamento_solicita | municipio_solicita | servicios_especiales | gestor_coordinacion | linea | servicio |
    | ANTIOQUIA | MEDELLIN | NO | NO | AUTOS | PASO DE GASOLINA |
    |---- Abrir Caso Express, seleccionar asistencia, entrar al iframe, habilitar y diligenciar en orden
    |------ Sara clicks on Boton Caso Express

CasesRunner > Apertura de la pagina de casos.Test Usuario 01 STANDARD_OUT
    |------ Sara clicks on Formulario Creaci├│n de Casos (ASISTENCIA)

CasesRunner01 > Apertura de la pagina de casos.Test Usuario 01 STANDARD_OUT
    |------ Sara clicks on Formulario Creaci├│n de Casos (ASISTENCIA)

CasesRunner > Apertura de la pagina de casos.Test Usuario 01 STANDARD_OUT
    |------ Sara switch to one script iframe

CasesRunner01 > Apertura de la pagina de casos.Test Usuario 01 STANDARD_OUT
    |------ Sara switch to one script iframe

    === [habilitarFormulario] Re-switching to OneScript iframe ===

CasesRunner > Apertura de la pagina de casos.Test Usuario 01 STANDARD_OUT

    === [habilitarFormulario] Re-switching to OneScript iframe ===

CasesRunner01 > Apertura de la pagina de casos.Test Usuario 01 STANDARD_OUT
      Switched to iframe OK
    === Buscando boton Habilitar Formulario (CSS) ===

CasesRunner > Apertura de la pagina de casos.Test Usuario 01 STANDARD_OUT
      Switched to iframe OK
    === Buscando boton Habilitar Formulario (CSS) ===
      Boton encontrado! Texto: '  Habilitar Formulario'
      Clic en boton Habilitar exitoso (CSS)

CasesRunner01 > Apertura de la pagina de casos.Test Usuario 01 STANDARD_OUT
      Boton encontrado! Texto: '  Habilitar Formulario'
      Clic en boton Habilitar exitoso (CSS)

CasesRunner > Apertura de la pagina de casos.Test Usuario 01 STANDARD_OUT
    |------ Sara fill caso express form in order
    [FillCasoExpressFormInOrder] Switched to iframe OK
      Driver en iframe OK
      Campos del formulario visibles OK
      Numero expediente: 202605070517046
      Nombre: Solicitante NKAUMP
      Cedula: 4500994081
      Telefono 1: 3814278463

CasesRunner01 > Apertura de la pagina de casos.Test Usuario 01 STANDARD_OUT
    |------ Sara fill caso express form in order

CasesRunner > Apertura de la pagina de casos.Test Usuario 01 STANDARD_OUT
      Telefono 2: 3931486667

CasesRunner01 > Apertura de la pagina de casos.Test Usuario 01 STANDARD_OUT
    [FillCasoExpressFormInOrder] Switched to iframe OK
      Driver en iframe OK
      Campos del formulario visibles OK

CasesRunner > Apertura de la pagina de casos.Test Usuario 01 STANDARD_OUT
      Placa: EZM563
      Datos basicos completados OK

CasesRunner01 > Apertura de la pagina de casos.Test Usuario 01 STANDARD_OUT
      Numero expediente: 202605073640580
      Nombre: Solicitante LASMEZ

CasesRunner > Apertura de la pagina de casos.Test Usuario 01 STANDARD_OUT
      [seleccionarComboWebDriver] Escribi: ANTIOQUIA, esperando a que aparezca el listado...

CasesRunner01 > Apertura de la pagina de casos.Test Usuario 01 STANDARD_OUT
      Cedula: 1537191463
      Telefono 1: 3261894587
      Telefono 2: 3055887300
      Placa: RHN018
      Datos basicos completados OK
      [seleccionarComboWebDriver] Escribi: ANTIOQUIA, esperando a que aparezca el listado...

CasesRunner > Apertura de la pagina de casos.Test Usuario 01 STANDARD_OUT
      [seleccionarComboWebDriver] Haciendo clic en: ANTIOQUIA

CasesRunner01 > Apertura de la pagina de casos.Test Usuario 01 STANDARD_OUT
      [seleccionarComboWebDriver] Haciendo clic en: ANTIOQUIA

CasesRunner > Apertura de la pagina de casos.Test Usuario 01 STANDARD_OUT
      [seleccionarComboMunicipioWebDriver] Escribi: MEDELLIN, esperando a que el municipio sea visible...

CasesRunner01 > Apertura de la pagina de casos.Test Usuario 01 STANDARD_OUT
      [seleccionarComboMunicipioWebDriver] Escribi: MEDELLIN, esperando a que el municipio sea visible...

CasesRunner > Apertura de la pagina de casos.Test Usuario 01 STANDARD_OUT
    |-------- Sara enters 'Calle 70 #23-73' into Direcci├│n servicio
    |-------- Sara enters 'Carrera 25 #22-27' into Direcci├│n del destino

CasesRunner01 > Apertura de la pagina de casos.Test Usuario 01 STANDARD_OUT
    |-------- Sara enters 'Calle 47 #69-76' into Direcci├│n servicio
    |-------- Sara enters 'Carrera 16 #86-22' into Direcci├│n del destino

CasesRunner > Apertura de la pagina de casos.Test Usuario 01 STANDARD_OUT
    |-------- Sara enters 'Referencia SCLVW 722' into Detalle direcci├│n destino

CasesRunner01 > Apertura de la pagina de casos.Test Usuario 01 STANDARD_OUT
    |-------- Sara enters 'Referencia IJQON 261' into Detalle direcci├│n destino

CasesRunner > Apertura de la pagina de casos.Test Usuario 01 STANDARD_OUT
    |-------- Sara enters 'Apto 40, Torre F' into Detalle direcci├│n servicio

CasesRunner01 > Apertura de la pagina de casos.Test Usuario 01 STANDARD_OUT
    |-------- Sara enters 'Apto 37, Torre C' into Detalle direcci├│n servicio

CasesRunner > Apertura de la pagina de casos.Test Usuario 01 STANDARD_OUT
    |-------- Sara enters 'Marca TQJF' into Marca veh├¡culo

CasesRunner01 > Apertura de la pagina de casos.Test Usuario 01 STANDARD_OUT
    |-------- Sara enters 'Marca ESPI' into Marca veh├¡culo

CasesRunner > Apertura de la pagina de casos.Test Usuario 01 STANDARD_OUT
    |-------- Sara enters 'produccion' into Ubicaci├│n servicio
      [llenarServiciosEspecialesYAsignacionEnOrden] Contexto del iframe OK

CasesRunner01 > Apertura de la pagina de casos.Test Usuario 01 STANDARD_OUT
    |-------- Sara enters 'produccion' into Ubicaci├│n servicio

CasesRunner > Apertura de la pagina de casos.Test Usuario 01 STANDARD_OUT
      [llenarServiciosEspecialesYAsignacionEnOrden] Scroll a L├¡nea OK

CasesRunner01 > Apertura de la pagina de casos.Test Usuario 01 STANDARD_OUT
      [llenarServiciosEspecialesYAsignacionEnOrden] Contexto del iframe OK

CasesRunner > Apertura de la pagina de casos.Test Usuario 01 STANDARD_OUT
      [seleccionarComboMunicipioWebDriver] Escribi: AUTOS, esperando a que el municipio sea visible...

CasesRunner01 > Apertura de la pagina de casos.Test Usuario 01 STANDARD_OUT
      [llenarServiciosEspecialesYAsignacionEnOrden] Scroll a L├¡nea OK

CasesRunner > Apertura de la pagina de casos.Test Usuario 01 STANDARD_OUT
      [esperarServicioHabilitado] Servicio habilitado y clickable.

CasesRunner01 > Apertura de la pagina de casos.Test Usuario 01 STANDARD_OUT
      [seleccionarComboMunicipioWebDriver] Escribi: AUTOS, esperando a que el municipio sea visible...

CasesRunner > Apertura de la pagina de casos.Test Usuario 01 STANDARD_OUT
      [seleccionarComboServicioWebDriver] Stale detectado, reintentando... intento 1
      [seleccionarComboServicioWebDriver] Escribi: PASO DE GASOLINA, esperando a que el servicio sea visible... (intento 2)

CasesRunner01 > Apertura de la pagina de casos.Test Usuario 01 STANDARD_OUT
      [esperarServicioHabilitado] Servicio habilitado y clickable.

CasesRunner > Apertura de la pagina de casos.Test Usuario 01 STANDARD_OUT
    |-------- Sara enters 'OBS-202605070517046' into Observaci├│n final del caso
    |-------- Sara clicks on Guardar Formulario
    |-- And diligenciamos el proveedor
    | Nombre del proveedor | Servicio |
    | PROVEEDOR PRUEBA | TOMA SERVICIO |
    |---- Gestionar proveedor: abrir tab, crear, seleccionar nombre/respuesta y guardar
    |------ Sara switch to one script iframe
<=========----> 75% EXECUTING [2m 7s]
> :test > 0 tests completed
> :test > Executing test com.sara.automation.runners.CasesRunner01
> :test > Executing test com.sara.automation.runners.CasesRunner
