To honour the JVM settings for this build a single-use Daemon process will be forked. For more on this, please refer to https://docs.gradle.org/9.0.0/userguide/gradle_daemon.html#sec:disabling_the_daemon in the Gradle documentation.
Daemon will be stopped at the end of the build 
> Task :compileJava NO-SOURCE
> Task :processResources NO-SOURCE
> Task :classes UP-TO-DATE
> Task :compileTestJava UP-TO-DATE
> Task :processTestResources UP-TO-DATE
> Task :testClasses UP-TO-DATE

> Task :test

CasesRunner STANDARD_ERROR
    [Test worker] INFO io.cucumber.core.plugin.SerenityReporter - Running feature from file:///E:/Proyectos/Reto_Siigo/Siigo_Front/Sara3/src/test/resources/features/cases/open_cases.feature
    [Test worker] INFO  - 

    -------------------------------------------------------------------------------------
         _______. _______ .______       _______ .__   __.  __  .___________.____    ____ 
        /       ||   ____||   _  \     |   ____||  \ |  | |  | |           |\   \  /   / 
       |   (----`|  |__   |  |_)  |    |  |__   |   \|  | |  | `---|  |----` \   \/   /  
        \   \    |   __|  |      /     |   __|  |  . `  | |  |     |  |       \_    _/   
    .----)   |   |  |____ |  |\  \----.|  |____ |  |\   | |  |     |  |         |  |     
    |_______/    |_______|| _| `._____||_______||__| \__| |__|     |__|         |__|    
                                                                                     
     News and tutorials at http://www.serenity-bdd.info                                  
     Documentation at https://wakaleo.gitbooks.io/the-serenity-book/content/             
     Join the Serenity Community on Gitter: https://gitter.im/serenity-bdd/serenity-core 
     Serenity BDD Support and Training at http://serenity-bdd.info/#/trainingandsupport  
    -------------------------------------------------------------------------------------

    [Test worker] INFO  - Test Suite Started: Apertura de la pagina de casos
    [Test worker] INFO io.cucumber.core.plugin.SerenityReporter - Running feature from file:///E:/Proyectos/Reto_Siigo/Siigo_Front/Sara3/src/test/resources/features/cases/open_cases.feature
    [Test worker] INFO  - Test Suite Started: Apertura de la pagina de casos

CasesRunner > Apertura de la pagina de casos.Abrir la URL, loguearse y navegar a agent STANDARD_ERROR
    [Test worker] INFO io.cucumber.core.plugin.SerenityReporter - Running feature from file:///E:/Proyectos/Reto_Siigo/Siigo_Front/Sara3/src/test/resources/features/cases/open_cases.feature
    [Test worker] INFO  - 
      _____   ___   ___   _____     ___   _____     _     ___   _____   ___   ___  
     |_   _| | __| / __| |_   _|   / __| |_   _|   /_\   | _ \ |_   _| | __| |   \ 
       | |   | _|  \__ \   | |     \__ \   | |    / _ \  |   /   | |   | _|  | |) |
       |_|   |___| |___/   |_|     |___/   |_|   /_/ \_\ |_|_\   |_|   |___| |___/ 

    Abrir la URL, loguearse y navegar a agent(apertura-de-la-pagina-de-casos;abrir-la-url--loguearse-y-navegar-a-agent)
    --------------------------------------------------------------------------------

CasesRunner > Apertura de la pagina de casos.Abrir la URL, loguearse y navegar a agent STANDARD_OUT
    |-- Given el actor tiene un navegador disponible
    |-- When abre la pagina de casos
    |---- Abre la pagina de casos
    |------ Sara opens the browser at https://us-east-1s66ymlwwk.auth.us-east-1.amazoncognito.com/login?client_id=2hfo5293cfbh1h9fbe9m7g07dn&response_type=code&scope=email+openid+profile&redirect_uri=https%3A%2F%2Fasistenciaapp.kit.sura-konecta.com%2Fauth

CasesRunner > Apertura de la pagina de casos.Abrir la URL, loguearse y navegar a agent STANDARD_ERROR
    [Test worker] INFO net.serenitybdd.core.webdriver.driverproviders.DriverProvider - Using WebDriverManager configuration for chrome
    [Test worker] INFO io.github.bonigarcia.wdm.WebDriverManager - Using chromedriver 147.0.7727.117 (resolved driver for Chrome 147)
    [Test worker] INFO io.github.bonigarcia.wdm.WebDriverManager - Exporting webdriver.chrome.driver as C:\Users\Sergio\.cache\selenium\chromedriver\win64\147.0.7727.117\chromedriver.exe
    [Test worker] INFO net.serenitybdd.core.webdriver.driverproviders.ChromeDriverProvider - Starting Chrome driver instance with capabilities:
    [Test worker] INFO net.serenitybdd.core.webdriver.driverproviders.ChromeDriverProvider - Capabilities {acceptInsecureCerts: false, browserName: chrome, goog:chromeOptions: {args: [--start-maximized, --remote-allow-origins=*], extensions: []}}
    Starting ChromeDriver 147.0.7727.117 (474cc805edd6b22006509896c910f6b6da2427ad-refs/branch-heads/7727_111@{#4}) on port 43037
    Only local connections are allowed.
    Please see https://chromedriver.chromium.org/security-considerations for suggestions on keeping ChromeDriver safe.
    ChromeDriver was started successfully on port 43037.
    may 05, 2026 8:33:24 P.┬áM. org.openqa.selenium.devtools.CdpVersionFinder findNearestMatch
    ADVERTENCIA: Unable to find CDP implementation matching 147
    may 05, 2026 8:33:24 P.┬áM. org.openqa.selenium.chromium.ChromiumDriver lambda$new$3
    ADVERTENCIA: Unable to find version of CDP to use for . You may need to include a dependency on a specific version of the CDP using something similar to `org.seleniumhq.selenium:selenium-devtools-v86:4.6.0` where the version ("v86") matches the version of the chromium-based browser you're using and the version number of the artifact is the same as Selenium's.
    ERROR StatusLogger Log4j2 could not find a logging implementation. Please add log4j-core to the classpath. Using SimpleLogger to log to the console...

CasesRunner > Apertura de la pagina de casos.Abrir la URL, loguearse y navegar a agent STANDARD_OUT
    |-- And realiza login con credenciales
    |---- Login con Cognito usando credenciales
    |------ Sara opens the browser at https://us-east-1s66ymlwwk.auth.us-east-1.amazoncognito.com/login?client_id=2hfo5293cfbh1h9fbe9m7g07dn&response_type=code&scope=email+openid+profile&redirect_uri=https%3A%2F%2Fasistenciaapp.kit.sura-konecta.com%2Fauth
    |------ Sara enters 'BOT01' into cognito username field
    |------ Sara clicks on cognito next button
    |------ Sara enters 'Yt7PNg_VnXkvsQ*tPmfi' into cognito password field
    |------ Sara clicks on cognito continue button
    |------ Sara opens the browser at https://asistenciaapp.kit.sura-konecta.com/agent
    |-- And navega a agent
    |---- Navega a la pagina de agent
    |------ Sara opens the browser at https://asistenciaapp.kit.sura-konecta.com/agent
    |-- And diligencia caso express completo desde feature
    | departamento_solicita | municipio_solicita | servicios_especiales | gestor_coordinacion | linea | servicio |
    | ANTIOQUIA | MEDELLIN | NO | NO | AUTOS | PASO DE GASOLINA |
    |---- Abrir Caso Express, seleccionar asistencia, entrar al iframe, habilitar y diligenciar en orden
    |------ Sara clicks on Boton Caso Express
    |------ Sara clicks on Formulario Creaci├│n de Casos (ASISTENCIA)
    |------ Sara switch to one script iframe

    === [habilitarFormulario] Re-switching to OneScript iframe ===
      Switched to iframe OK
    === Buscando boton Habilitar Formulario (CSS) ===
      Boton encontrado! Texto: '  Habilitar Formulario'
      Clic en boton Habilitar exitoso (CSS)
    |------ Sara fill caso express form in order
    [FillCasoExpressFormInOrder] Switched to iframe OK
      Driver en iframe OK
      Campos del formulario visibles OK
      Numero expediente: 202605059592162
      Nombre: Solicitante YUBVXS
      Cedula: 1582417657
      Telefono 1: 3556751925
      Telefono 2: 3680912783
      Placa: VBX420
      Datos basicos completados OK
      [seleccionarComboWebDriver] Escribi: ANTIOQUIA, esperando a que aparezca el listado...
      [seleccionarComboWebDriver] Haciendo clic en: ANTIOQUIA
      [seleccionarComboMunicipioWebDriver] Escribi: MEDELLIN, esperando a que el municipio sea visible...
    |-------- Sara enters 'Calle 55 #66-12' into Direcci├│n servicio
    |-------- Sara enters 'Carrera 11 #60-13' into Direcci├│n del destino
    |-------- Sara enters 'Referencia JDSEW 117' into Detalle direcci├│n destino
    |-------- Sara enters 'Apto 41, Torre C' into Detalle direcci├│n servicio
    |-------- Sara enters 'Marca FDPS' into Marca veh├¡culo
    |-------- Sara enters 'produccion' into Ubicaci├│n servicio
      [llenarServiciosEspecialesYAsignacionEnOrden] Contexto del iframe OK
      [llenarServiciosEspecialesYAsignacionEnOrden] Scroll a L├¡nea OK
      [seleccionarComboMunicipioWebDriver] Escribi: AUTOS, esperando a que el municipio sea visible...
      [esperarServicioHabilitado] Servicio habilitado y clickable.
      [seleccionarComboServicioWebDriver] Stale detectado, reintentando... intento 1
      [seleccionarComboServicioWebDriver] Escribi: PASO DE GASOLINA, esperando a que el servicio sea visible... (intento 2)
    |-------- Sara enters 'hola' into Observaci├│n final del caso
    |-------- Sara clicks on Guardar Formulario
    |-- And diligenciamos el proveedor
    | Nombre del proveedor | Servicio |
    | PROVEEDOR PRUEBA | TOMA SERVICIO |
    |---- Gestionar proveedor: abrir tab, crear, seleccionar nombre/respuesta y guardar
    |------ Sara switch to one script iframe
      [DiligenciarProveedorGestion] Timer no encontrado con ning├║n selector (puede ya estar cerrado)
      [DiligenciarProveedorGestion] Activando tab de Gesti├│n de proveedores...
      [DiligenciarProveedorGestion] Paso 1: Navegando con 10 TABs para visibilidad...
      [DiligenciarProveedorGestion] TAB 5/10
      [DiligenciarProveedorGestion] TAB 10/10
      [DiligenciarProveedorGestion] 10 TABs completados, campo ahora visible
      [DiligenciarProveedorGestion] Paso 2: Haciendo scroll hacia ├írea de tabs...
      [DiligenciarProveedorGestion] Scroll completado, ├írea de tabs optimizada
      [DiligenciarProveedorGestion] Paso 3: Intentando clic directo en tab...
      [DiligenciarProveedorGestion] Tab encontrado con XPath
      [DiligenciarProveedorGestion] Tab encontrado, intentando clic...
      [DiligenciarProveedorGestion] Clic normal exitoso
      [DiligenciarProveedorGestion] Ô£ô Tab de Gesti├│n de Proveedores activado con clic directo
      [DiligenciarProveedorGestion] Clic en Crear para abrir modal de proveedor...
    |------ Sara enters '60' into Tiempo Monitoreo Sitio (Minutos)
      [DiligenciarProveedorGestion] WARN: no se pudo diligenciar campo con selector/hint: input[name*='celular_tecnico'], input[id*='celular_tecnico'], input[name*='celular'][name*='tecnico'] | celular tecnico
      [DiligenciarProveedorGestion] WARN: no se pudo diligenciar campo con selector/hint: input[name*='tiempo_monitoreo_destino_minutos'], input[id*='tiempo_monitoreo_destino_minutos'], input[aria-labelledby*='tiempo_monitoreo_destino_minutos'] | tiempo monitoreo destino
      [DiligenciarProveedorGestion] === DIAGN├ôSTICO POST-SET ===
      [DiligenciarProveedorGestion] DEBUG: Celular t├®cnico = NOT_FOUND
      [DiligenciarProveedorGestion] DEBUG: Tiempo monitoreo destino = NOT_FOUND
      [DiligenciarProveedorGestion] === FIN DIAGN├ôSTICO ===

CasesRunner > Apertura de la pagina de casos.Abrir la URL, loguearse y navegar a agent STANDARD_ERROR
    [Test worker] INFO  - STEP FAILURE: java.lang.AssertionError: 
    Expected: an element that is visible
         but: no matching element found by [Guardar Proveedor located with: xpath: //button[contains(@class, 'editgrid-action-save') or @type='button' and contains(normalize-space(.), 'Guardar')]]
    [Test worker] INFO  - STEP FAILURE: java.lang.AssertionError: 
    Expected: an element that is visible
         but: no matching element found by [Guardar Proveedor located with: xpath: //button[contains(@class, 'editgrid-action-save') or @type='button' and contains(normalize-space(.), 'Guardar')]]

CasesRunner > Apertura de la pagina de casos.Abrir la URL, loguearse y navegar a agent STANDARD_OUT
      [DiligenciarProveedorGestion] Guardar Proveedor no visible por locator, usando JS fallback

CasesRunner > Apertura de la pagina de casos.Abrir la URL, loguearse y navegar a agent STANDARD_ERROR
    [Test worker] INFO  - STEP ERROR: org.openqa.selenium.NoSuchElementException: No se encontr├│ bot├│n visible con texto: Guardar
    For documentation on this error, please visit: https://selenium.dev/exceptions/#no_such_element
    Build info: version: '4.6.0', revision: '79f1c02ae20'
    System info: os.name: 'Windows 11', os.arch: 'amd64', os.version: '10.0', java.version: '21.0.8'
    Driver info: driver.version: unknown
    [Test worker] INFO  - STEP ERROR: org.openqa.selenium.NoSuchElementException: No se encontr├│ bot├│n visible con texto: Guardar
    For documentation on this error, please visit: https://selenium.dev/exceptions/#no_such_element
    Build info: version: '4.6.0', revision: '79f1c02ae20'
    System info: os.name: 'Windows 11', os.arch: 'amd64', os.version: '10.0', java.version: '21.0.8'
    Driver info: driver.version: unknown
    [Test worker] INFO  - STEP ERROR: org.openqa.selenium.NoSuchElementException: No se encontr├│ bot├│n visible con texto: Guardar
    For documentation on this error, please visit: https://selenium.dev/exceptions/#no_such_element
    Build info: version: '4.6.0', revision: '79f1c02ae20'
    System info: os.name: 'Windows 11', os.arch: 'amd64', os.version: '10.0', java.version: '21.0.8'
    Driver info: driver.version: unknown
    For documentation on this error, please visit: https://selenium.dev/exceptions/#no_such_element
    Build info: version: '4.6.0', revision: '79f1c02ae20'
    System info: os.name: 'Windows 11', os.arch: 'amd64', os.version: '10.0', java.version: '21.0.8'
    Driver info: driver.version: unknown

CasesRunner > Apertura de la pagina de casos.Abrir la URL, loguearse y navegar a agent STANDARD_OUT
    |------ And transicionamos los estados del caso

CasesRunner > Apertura de la pagina de casos.Abrir la URL, loguearse y navegar a agent STANDARD_ERROR
    [Test worker] INFO  -       -> STEP IGNORED

CasesRunner > Apertura de la pagina de casos.Abrir la URL, loguearse y navegar a agent STANDARD_OUT
    |------ Then deberia ver la ruta agent

CasesRunner > Apertura de la pagina de casos.Abrir la URL, loguearse y navegar a agent STANDARD_ERROR
    [Test worker] INFO  -       -> STEP IGNORED
    [Test worker] ERROR  - 
      _____   ___   ___   _____     ___   ___   ___    ___    ___ 
     |_   _| | __| / __| |_   _|   | __| | _ \ | _ \  / _ \  | _ \
       | |   | _|  \__ \   | |     | _|  |   / |   / | (_) | |   /
       |_|   |___| |___/   |_|     |___| |_|_\ |_|_\  \___/  |_|_\

    Abrir la URL, loguearse y navegar a agent
    ---------------------------------------------------------------
    [Test worker] ERROR  -     Test failed at step: And diligenciamos el proveedor | Nombre del proveedor | Servicio | | PROVEEDOR PRUEBA | TOMA SERVICIO |
    [Test worker] ERROR  -     Expected: an element that is visible but: no matching element found by [Guardar Proveedor located with: xpath: //button[contains(@class, 'editgrid-action-save') or @type='button' and contains(normalize-space(.), 'Guardar')]]

CasesRunner > Apertura de la pagina de casos.Abrir la URL, loguearse y navegar a agent FAILED
    org.openqa.selenium.NoSuchElementException at OneScriptDynamicElements.java:46

CasesRunner STANDARD_ERROR
    [pool-2-thread-1] INFO serenity.reporting - 
    --------------------------------------------------------
    | TEST NAME:   Abrir la URL, loguearse y navegar a agent
    | RESULT:      Broken
    | REQUIREMENT: Apertura de la pagina de casos
    | REPORT:      file:///E:/Proyectos/Reto_Siigo/Siigo_Front/Sara3/target/site/serenity/3ba98951f056605f06200b67b23199c8299ea62d4093be75997327f87cb50a08.html
    --------------------------------------------------------
    [32m[1mÔöîÔöÇÔöÇÔöÇÔöÇÔöÇÔöÇÔöÇÔöÇÔöÇÔöÇÔöÇÔöÇÔöÇÔöÇÔöÇÔöÇÔöÇÔöÇÔöÇÔöÇÔöÇÔöÇÔöÇÔöÇÔöÇÔöÇÔöÇÔöÇÔöÇÔöÇÔöÇÔöÇÔöÇÔöÇÔöÇÔöÇÔöÇÔöÇÔöÇÔöÇÔöÇÔöÇÔöÇÔöÇÔöÇÔöÇÔöÇÔöÇÔöÇÔöÇÔöÇÔöÇÔöÇÔöÇÔöÇÔöÇÔöÇÔöÇÔöÇÔöÇÔöÇÔöÇÔöÇÔöÇÔöÇÔöÇÔöÇÔöÇÔöÇÔöÇÔöÇÔöÇÔöÇÔöÇÔöÇÔöÇÔöÇÔöÇÔöÇÔöÇÔöÇÔöÇÔöÇÔöÉ[0m
    [32m[1mÔöé[0m Share your Cucumber Report with your team at [36m[1m[4mhttps://reports.cucumber.io[0m          [32m[1mÔöé[0m
    [32m[1mÔöé[0m Activate publishing with one of the following:                                    [32m[1mÔöé[0m
    [32m[1mÔöé[0m                                                                                   [32m[1mÔöé[0m
    [32m[1mÔöé[0m src/test/resources/cucumber.properties:          [36mcucumber.publish.enabled[0m=[36mtrue[0m    [32m[1mÔöé[0m
    [32m[1mÔöé[0m src/test/resources/junit-platform.properties:    [36mcucumber.publish.enabled[0m=[36mtrue[0m    [32m[1mÔöé[0m
    [32m[1mÔöé[0m Environment variable:                            [36mCUCUMBER_PUBLISH_ENABLED[0m=[36mtrue[0m    [32m[1mÔöé[0m
    [32m[1mÔöé[0m JUnit:                                           [36m@CucumberOptions[0m(publish = [36mtrue[0m) [32m[1mÔöé[0m
    [32m[1mÔöé[0m                                                                                   [32m[1mÔöé[0m
    [32m[1mÔöé[0m More information at [36mhttps://cucumber.io/docs/cucumber/environment-variables/[0m      [32m[1mÔöé[0m
    [32m[1mÔöé[0m                                                                                   [32m[1mÔöé[0m
    [32m[1mÔöé[0m Disable this message with one of the following:                                   [32m[1mÔöé[0m
    [32m[1mÔöé[0m                                                                                   [32m[1mÔöé[0m
    [32m[1mÔöé[0m src/test/resources/cucumber.properties:          [36mcucumber.publish.quiet[0m=[36mtrue[0m      [32m[1mÔöé[0m
    [32m[1mÔöé[0m src/test/resources/junit-platform.properties:    [36mcucumber.publish.quiet[0m=[36mtrue[0m      [32m[1mÔöé[0m
    [32m[1mÔööÔöÇÔöÇÔöÇÔöÇÔöÇÔöÇÔöÇÔöÇÔöÇÔöÇÔöÇÔöÇÔöÇÔöÇÔöÇÔöÇÔöÇÔöÇÔöÇÔöÇÔöÇÔöÇÔöÇÔöÇÔöÇÔöÇÔöÇÔöÇÔöÇÔöÇÔöÇÔöÇÔöÇÔöÇÔöÇÔöÇÔöÇÔöÇÔöÇÔöÇÔöÇÔöÇÔöÇÔöÇÔöÇÔöÇÔöÇÔöÇÔöÇÔöÇÔöÇÔöÇÔöÇÔöÇÔöÇÔöÇÔöÇÔöÇÔöÇÔöÇÔöÇÔöÇÔöÇÔöÇÔöÇÔöÇÔöÇÔöÇÔöÇÔöÇÔöÇÔöÇÔöÇÔöÇÔöÇÔöÇÔöÇÔöÇÔöÇÔöÇÔöÇÔöÇÔöÇÔöÿ[0m
.\gradlew.bat : 
En línea: 1 Carácter: 87
+ ... lyContinue; .\gradlew.bat test --tests CasesRunner --no-daemon > test ...
+                 ~~~~~~~~~~~~~~~~~~~~~~~~~~~~~~~~~~~~~~~~~~~~~~~~~~~~~~~~~
    + CategoryInfo          : NotSpecified: (:String) [], RemoteException
    + FullyQualifiedErrorId : NativeCommandError
 
1 test completed, 1 failed

> Task :test FAILED

> Task :aggregate
Generating Serenity Reports
  - Main report: file:///E:/Proyectos/Reto_Siigo/Siigo_Front/Sara3/target/site/serenity/index.html
      - Test Root: null
      - Requirements base directory: null

[Incubating] Problems report is available at: file:///E:/Proyectos/Reto_Siigo/Siigo_Front/Sara3/build/reports/problems/problems-report.html

FAILURE: Build failed with an exception.

* What went wrong:
Execution failed for task ':test'.
> There were failing tests. See the report at: file:///E:/Proyectos/Reto_Siigo/
Siigo_Front/Sara3/build/reports/tests/test/index.html

* Try:
> Run with --scan to generate a Build Scan (Powered by Develocity).

Deprecated Gradle features were used in this build, making it incompatible with Gradle 10.

You can use '--warning-mode all' to show the individual deprecation warnings and determine if they come from your own scripts or plugins.

For more on this, please refer to https://docs.gradle.org/9.0.0/userguide/command_line_interface.html#sec:command_line_warnings in the Gradle documentation.

BUILD FAILED in 4m 38s
4 actionable tasks: 2 executed, 2 up-to-date
